// Vitest Snapshot v1, https://vitest.dev/guide/snapshot.html

exports[`encodeDate() > encodes current date correctly 1`] = `"01GWX1T800"`;
